PHPUnit 12.4.0 by Sebastian Bergmann and contributors.

Runtime:       PHP 8.3.14

...                                                                 3 / 3 (100%)

Time: 00:00.025, Memory: 16.00 MB

OK (3 tests, 6 assertions)
